Archive member included to satisfy reference by file (symbol)

/usr/lib/gcc/arm-none-eabi/7.3.0/../../../../arm-none-eabi/lib/armv7e-m/fpu/librdimon_nano.a(rdimon-syscalls.o)
                              hello.o (symbol from plugin) (initialise_monitor_handles)
/usr/lib/gcc/arm-none-eabi/7.3.0/../../../../arm-none-eabi/lib/armv7e-m/fpu/libc_nano.a(lib_a-errno.o)
                              /usr/lib/gcc/arm-none-eabi/7.3.0/../../../../arm-none-eabi/lib/armv7e-m/fpu/librdimon_nano.a(rdimon-syscalls.o) (__errno)
/usr/lib/gcc/arm-none-eabi/7.3.0/../../../../arm-none-eabi/lib/armv7e-m/fpu/libc_nano.a(lib_a-findfp.o)
                              /usr/lib/gcc/arm-none-eabi/7.3.0/../../../../arm-none-eabi/lib/armv7e-m/fpu/librdimon_nano.a(rdimon-syscalls.o) (__sinit)
/usr/lib/gcc/arm-none-eabi/7.3.0/../../../../arm-none-eabi/lib/armv7e-m/fpu/libc_nano.a(lib_a-fwalk.o)
                              /usr/lib/gcc/arm-none-eabi/7.3.0/../../../../arm-none-eabi/lib/armv7e-m/fpu/libc_nano.a(lib_a-findfp.o) (_fwalk)
/usr/lib/gcc/arm-none-eabi/7.3.0/../../../../arm-none-eabi/lib/armv7e-m/fpu/libc_nano.a(lib_a-impure.o)
                              /usr/lib/gcc/arm-none-eabi/7.3.0/../../../../arm-none-eabi/lib/armv7e-m/fpu/libc_nano.a(lib_a-findfp.o) (_global_impure_ptr)
/usr/lib/gcc/arm-none-eabi/7.3.0/../../../../arm-none-eabi/lib/armv7e-m/fpu/libc_nano.a(lib_a-memset.o)
                              /usr/lib/gcc/arm-none-eabi/7.3.0/../../../../arm-none-eabi/lib/armv7e-m/fpu/librdimon_nano.a(rdimon-syscalls.o) (memset)
/usr/lib/gcc/arm-none-eabi/7.3.0/../../../../arm-none-eabi/lib/armv7e-m/fpu/libc_nano.a(lib_a-nano-mallocr.o)
                              /usr/lib/gcc/arm-none-eabi/7.3.0/../../../../arm-none-eabi/lib/armv7e-m/fpu/libc_nano.a(lib_a-findfp.o) (_malloc_r)
/usr/lib/gcc/arm-none-eabi/7.3.0/../../../../arm-none-eabi/lib/armv7e-m/fpu/libc_nano.a(lib_a-sbrkr.o)
                              /usr/lib/gcc/arm-none-eabi/7.3.0/../../../../arm-none-eabi/lib/armv7e-m/fpu/libc_nano.a(lib_a-nano-mallocr.o) (_sbrk_r)
/usr/lib/gcc/arm-none-eabi/7.3.0/../../../../arm-none-eabi/lib/armv7e-m/fpu/libc_nano.a(lib_a-stdio.o)
                              /usr/lib/gcc/arm-none-eabi/7.3.0/../../../../arm-none-eabi/lib/armv7e-m/fpu/libc_nano.a(lib_a-findfp.o) (__sread)
/usr/lib/gcc/arm-none-eabi/7.3.0/../../../../arm-none-eabi/lib/armv7e-m/fpu/libc_nano.a(lib_a-strlen.o)
                              /usr/lib/gcc/arm-none-eabi/7.3.0/../../../../arm-none-eabi/lib/armv7e-m/fpu/librdimon_nano.a(rdimon-syscalls.o) (strlen)
/usr/lib/gcc/arm-none-eabi/7.3.0/../../../../arm-none-eabi/lib/armv7e-m/fpu/libc_nano.a(lib_a-writer.o)
                              /usr/lib/gcc/arm-none-eabi/7.3.0/../../../../arm-none-eabi/lib/armv7e-m/fpu/libc_nano.a(lib_a-stdio.o) (_write_r)
/usr/lib/gcc/arm-none-eabi/7.3.0/../../../../arm-none-eabi/lib/armv7e-m/fpu/libc_nano.a(lib_a-closer.o)
                              /usr/lib/gcc/arm-none-eabi/7.3.0/../../../../arm-none-eabi/lib/armv7e-m/fpu/libc_nano.a(lib_a-stdio.o) (_close_r)
/usr/lib/gcc/arm-none-eabi/7.3.0/../../../../arm-none-eabi/lib/armv7e-m/fpu/libc_nano.a(lib_a-fflush.o)
                              /usr/lib/gcc/arm-none-eabi/7.3.0/../../../../arm-none-eabi/lib/armv7e-m/fpu/libc_nano.a(lib_a-findfp.o) (_fflush_r)
/usr/lib/gcc/arm-none-eabi/7.3.0/../../../../arm-none-eabi/lib/armv7e-m/fpu/libc_nano.a(lib_a-lseekr.o)
                              /usr/lib/gcc/arm-none-eabi/7.3.0/../../../../arm-none-eabi/lib/armv7e-m/fpu/libc_nano.a(lib_a-stdio.o) (_lseek_r)
/usr/lib/gcc/arm-none-eabi/7.3.0/../../../../arm-none-eabi/lib/armv7e-m/fpu/libc_nano.a(lib_a-mlock.o)
                              /usr/lib/gcc/arm-none-eabi/7.3.0/../../../../arm-none-eabi/lib/armv7e-m/fpu/libc_nano.a(lib_a-nano-mallocr.o) (__malloc_lock)
/usr/lib/gcc/arm-none-eabi/7.3.0/../../../../arm-none-eabi/lib/armv7e-m/fpu/libc_nano.a(lib_a-nano-freer.o)
                              /usr/lib/gcc/arm-none-eabi/7.3.0/../../../../arm-none-eabi/lib/armv7e-m/fpu/libc_nano.a(lib_a-fflush.o) (_free_r)
/usr/lib/gcc/arm-none-eabi/7.3.0/../../../../arm-none-eabi/lib/armv7e-m/fpu/libc_nano.a(lib_a-readr.o)
                              /usr/lib/gcc/arm-none-eabi/7.3.0/../../../../arm-none-eabi/lib/armv7e-m/fpu/libc_nano.a(lib_a-stdio.o) (_read_r)
/usr/lib/gcc/arm-none-eabi/7.3.0/../../../../arm-none-eabi/lib/armv7e-m/fpu/libc_nano.a(lib_a-reent.o)
                              /usr/lib/gcc/arm-none-eabi/7.3.0/../../../../arm-none-eabi/lib/armv7e-m/fpu/libc_nano.a(lib_a-sbrkr.o) (errno)

Allocating common symbols
Common symbol       size              file

errno               0x4               /usr/lib/gcc/arm-none-eabi/7.3.0/../../../../arm-none-eabi/lib/armv7e-m/fpu/libc_nano.a(lib_a-reent.o)

Discarded input sections

 .text          0x0000000000000000        0x0 /tmp/ccbKCCVB.ltrans0.ltrans.o
 .data          0x0000000000000000        0x0 /tmp/ccbKCCVB.ltrans0.ltrans.o
 .bss           0x0000000000000000        0x0 /tmp/ccbKCCVB.ltrans0.ltrans.o
 .debug_line    0x0000000000000000        0x0 /tmp/ccbKCCVB.ltrans0.ltrans.o
 .debug_str     0x0000000000000000      0x14c /tmp/ccbKCCVB.ltrans0.ltrans.o
 .comment       0x0000000000000000       0x1e /tmp/ccbKCCVB.ltrans0.ltrans.o
 .ARM.attributes
                0x0000000000000000       0x37 /tmp/ccbKCCVB.ltrans0.ltrans.o
 .text          0x0000000000000000        0x0 /usr/lib/gcc/arm-none-eabi/7.3.0/../../../../arm-none-eabi/lib/armv7e-m/fpu/librdimon_nano.a(rdimon-syscalls.o)
 .data          0x0000000000000000        0x0 /usr/lib/gcc/arm-none-eabi/7.3.0/../../../../arm-none-eabi/lib/armv7e-m/fpu/librdimon_nano.a(rdimon-syscalls.o)
 .bss           0x0000000000000000        0x0 /usr/lib/gcc/arm-none-eabi/7.3.0/../../../../arm-none-eabi/lib/armv7e-m/fpu/librdimon_nano.a(rdimon-syscalls.o)
 .text.findslot
                0x0000000000000000       0x34 /usr/lib/gcc/arm-none-eabi/7.3.0/../../../../arm-none-eabi/lib/armv7e-m/fpu/librdimon_nano.a(rdimon-syscalls.o)
 .text.checkerror
                0x0000000000000000       0x20 /usr/lib/gcc/arm-none-eabi/7.3.0/../../../../arm-none-eabi/lib/armv7e-m/fpu/librdimon_nano.a(rdimon-syscalls.o)
 .text.error    0x0000000000000000       0x1c /usr/lib/gcc/arm-none-eabi/7.3.0/../../../../arm-none-eabi/lib/armv7e-m/fpu/librdimon_nano.a(rdimon-syscalls.o)
 .text._swiread
                0x0000000000000000       0x20 /usr/lib/gcc/arm-none-eabi/7.3.0/../../../../arm-none-eabi/lib/armv7e-m/fpu/librdimon_nano.a(rdimon-syscalls.o)
 .text._read    0x0000000000000000       0x34 /usr/lib/gcc/arm-none-eabi/7.3.0/../../../../arm-none-eabi/lib/armv7e-m/fpu/librdimon_nano.a(rdimon-syscalls.o)
 .text._swilseek
                0x0000000000000000       0x7a /usr/lib/gcc/arm-none-eabi/7.3.0/../../../../arm-none-eabi/lib/armv7e-m/fpu/librdimon_nano.a(rdimon-syscalls.o)
 .text._lseek   0x0000000000000000        0x4 /usr/lib/gcc/arm-none-eabi/7.3.0/../../../../arm-none-eabi/lib/armv7e-m/fpu/librdimon_nano.a(rdimon-syscalls.o)
 .text._swiwrite
                0x0000000000000000       0x20 /usr/lib/gcc/arm-none-eabi/7.3.0/../../../../arm-none-eabi/lib/armv7e-m/fpu/librdimon_nano.a(rdimon-syscalls.o)
 .text._write   0x0000000000000000       0x40 /usr/lib/gcc/arm-none-eabi/7.3.0/../../../../arm-none-eabi/lib/armv7e-m/fpu/librdimon_nano.a(rdimon-syscalls.o)
 .text._swiclose
                0x0000000000000000       0x1c /usr/lib/gcc/arm-none-eabi/7.3.0/../../../../arm-none-eabi/lib/armv7e-m/fpu/librdimon_nano.a(rdimon-syscalls.o)
 .text._close   0x0000000000000000       0x4c /usr/lib/gcc/arm-none-eabi/7.3.0/../../../../arm-none-eabi/lib/armv7e-m/fpu/librdimon_nano.a(rdimon-syscalls.o)
 .text._getpid  0x0000000000000000        0x4 /usr/lib/gcc/arm-none-eabi/7.3.0/../../../../arm-none-eabi/lib/armv7e-m/fpu/librdimon_nano.a(rdimon-syscalls.o)
 .text._sbrk    0x0000000000000000       0x48 /usr/lib/gcc/arm-none-eabi/7.3.0/../../../../arm-none-eabi/lib/armv7e-m/fpu/librdimon_nano.a(rdimon-syscalls.o)
 .text._swistat
                0x0000000000000000       0x42 /usr/lib/gcc/arm-none-eabi/7.3.0/../../../../arm-none-eabi/lib/armv7e-m/fpu/librdimon_nano.a(rdimon-syscalls.o)
 .text._fstat   0x0000000000000000       0x1c /usr/lib/gcc/arm-none-eabi/7.3.0/../../../../arm-none-eabi/lib/armv7e-m/fpu/librdimon_nano.a(rdimon-syscalls.o)
 .text._stat    0x0000000000000000       0x3a /usr/lib/gcc/arm-none-eabi/7.3.0/../../../../arm-none-eabi/lib/armv7e-m/fpu/librdimon_nano.a(rdimon-syscalls.o)
 .text._swiopen
                0x0000000000000000       0xb8 /usr/lib/gcc/arm-none-eabi/7.3.0/../../../../arm-none-eabi/lib/armv7e-m/fpu/librdimon_nano.a(rdimon-syscalls.o)
 .text._open    0x0000000000000000       0x12 /usr/lib/gcc/arm-none-eabi/7.3.0/../../../../arm-none-eabi/lib/armv7e-m/fpu/librdimon_nano.a(rdimon-syscalls.o)
 .text._get_semihosting_exts
                0x0000000000000000       0xb4 /usr/lib/gcc/arm-none-eabi/7.3.0/../../../../arm-none-eabi/lib/armv7e-m/fpu/librdimon_nano.a(rdimon-syscalls.o)
 .text.initialise_semihosting_exts
                0x0000000000000000       0x34 /usr/lib/gcc/arm-none-eabi/7.3.0/../../../../arm-none-eabi/lib/armv7e-m/fpu/librdimon_nano.a(rdimon-syscalls.o)
 .text._has_ext_exit_extended
                0x0000000000000000       0x18 /usr/lib/gcc/arm-none-eabi/7.3.0/../../../../arm-none-eabi/lib/armv7e-m/fpu/librdimon_nano.a(rdimon-syscalls.o)
 .text._has_ext_stdout_stderr
                0x0000000000000000       0x18 /usr/lib/gcc/arm-none-eabi/7.3.0/../../../../arm-none-eabi/lib/armv7e-m/fpu/librdimon_nano.a(rdimon-syscalls.o)
 .text.initialise_monitor_handles
                0x0000000000000000       0xbc /usr/lib/gcc/arm-none-eabi/7.3.0/../../../../arm-none-eabi/lib/armv7e-m/fpu/librdimon_nano.a(rdimon-syscalls.o)
 .text._link    0x0000000000000000       0x10 /usr/lib/gcc/arm-none-eabi/7.3.0/../../../../arm-none-eabi/lib/armv7e-m/fpu/librdimon_nano.a(rdimon-syscalls.o)
 .text._unlink  0x0000000000000000       0x28 /usr/lib/gcc/arm-none-eabi/7.3.0/../../../../arm-none-eabi/lib/armv7e-m/fpu/librdimon_nano.a(rdimon-syscalls.o)
 .text._gettimeofday
                0x0000000000000000       0x2a /usr/lib/gcc/arm-none-eabi/7.3.0/../../../../arm-none-eabi/lib/armv7e-m/fpu/librdimon_nano.a(rdimon-syscalls.o)
 .text._clock   0x0000000000000000       0x12 /usr/lib/gcc/arm-none-eabi/7.3.0/../../../../arm-none-eabi/lib/armv7e-m/fpu/librdimon_nano.a(rdimon-syscalls.o)
 .text._times   0x0000000000000000       0x16 /usr/lib/gcc/arm-none-eabi/7.3.0/../../../../arm-none-eabi/lib/armv7e-m/fpu/librdimon_nano.a(rdimon-syscalls.o)
 .text._isatty  0x0000000000000000       0x38 /usr/lib/gcc/arm-none-eabi/7.3.0/../../../../arm-none-eabi/lib/armv7e-m/fpu/librdimon_nano.a(rdimon-syscalls.o)
 .text._system  0x0000000000000000       0x3e /usr/lib/gcc/arm-none-eabi/7.3.0/../../../../arm-none-eabi/lib/armv7e-m/fpu/librdimon_nano.a(rdimon-syscalls.o)
 .text._rename  0x0000000000000000       0x36 /usr/lib/gcc/arm-none-eabi/7.3.0/../../../../arm-none-eabi/lib/armv7e-m/fpu/librdimon_nano.a(rdimon-syscalls.o)
 .bss.heap_end.7521
                0x0000000000000000        0x4 /usr/lib/gcc/arm-none-eabi/7.3.0/../../../../arm-none-eabi/lib/armv7e-m/fpu/librdimon_nano.a(rdimon-syscalls.o)
 .bss.monitor_stderr
                0x0000000000000000        0x4 /usr/lib/gcc/arm-none-eabi/7.3.0/../../../../arm-none-eabi/lib/armv7e-m/fpu/librdimon_nano.a(rdimon-syscalls.o)
 .bss.monitor_stdin
                0x0000000000000000        0x4 /usr/lib/gcc/arm-none-eabi/7.3.0/../../../../arm-none-eabi/lib/armv7e-m/fpu/librdimon_nano.a(rdimon-syscalls.o)
 .bss.monitor_stdout
                0x0000000000000000        0x4 /usr/lib/gcc/arm-none-eabi/7.3.0/../../../../arm-none-eabi/lib/armv7e-m/fpu/librdimon_nano.a(rdimon-syscalls.o)
 .bss.openfiles
                0x0000000000000000       0xa0 /usr/lib/gcc/arm-none-eabi/7.3.0/../../../../arm-none-eabi/lib/armv7e-m/fpu/librdimon_nano.a(rdimon-syscalls.o)
 .data.__heap_limit
                0x0000000000000000        0x4 /usr/lib/gcc/arm-none-eabi/7.3.0/../../../../arm-none-eabi/lib/armv7e-m/fpu/librdimon_nano.a(rdimon-syscalls.o)
 .data.supports_ext_exit_extended
                0x0000000000000000        0x4 /usr/lib/gcc/arm-none-eabi/7.3.0/../../../../arm-none-eabi/lib/armv7e-m/fpu/librdimon_nano.a(rdimon-syscalls.o)
 .data.supports_ext_stdout_stderr
                0x0000000000000000        0x4 /usr/lib/gcc/arm-none-eabi/7.3.0/../../../../arm-none-eabi/lib/armv7e-m/fpu/librdimon_nano.a(rdimon-syscalls.o)
 .rodata._get_semihosting_exts.str1.1
                0x0000000000000000       0x16 /usr/lib/gcc/arm-none-eabi/7.3.0/../../../../arm-none-eabi/lib/armv7e-m/fpu/librdimon_nano.a(rdimon-syscalls.o)
 .rodata.initialise_monitor_handles.str1.1
                0x0000000000000000        0x4 /usr/lib/gcc/arm-none-eabi/7.3.0/../../../../arm-none-eabi/lib/armv7e-m/fpu/librdimon_nano.a(rdimon-syscalls.o)
 .debug_frame   0x0000000000000000      0x3ac /usr/lib/gcc/arm-none-eabi/7.3.0/../../../../arm-none-eabi/lib/armv7e-m/fpu/librdimon_nano.a(rdimon-syscalls.o)
 .ARM.attributes
                0x0000000000000000       0x34 /usr/lib/gcc/arm-none-eabi/7.3.0/../../../../arm-none-eabi/lib/armv7e-m/fpu/librdimon_nano.a(rdimon-syscalls.o)
 .text          0x0000000000000000        0x0 /usr/lib/gcc/arm-none-eabi/7.3.0/../../../../arm-none-eabi/lib/armv7e-m/fpu/libc_nano.a(lib_a-errno.o)
 .data          0x0000000000000000        0x0 /usr/lib/gcc/arm-none-eabi/7.3.0/../../../../arm-none-eabi/lib/armv7e-m/fpu/libc_nano.a(lib_a-errno.o)
 .bss           0x0000000000000000        0x0 /usr/lib/gcc/arm-none-eabi/7.3.0/../../../../arm-none-eabi/lib/armv7e-m/fpu/libc_nano.a(lib_a-errno.o)
 .text.__errno  0x0000000000000000        0xc /usr/lib/gcc/arm-none-eabi/7.3.0/../../../../arm-none-eabi/lib/armv7e-m/fpu/libc_nano.a(lib_a-errno.o)
 .debug_frame   0x0000000000000000       0x20 /usr/lib/gcc/arm-none-eabi/7.3.0/../../../../arm-none-eabi/lib/armv7e-m/fpu/libc_nano.a(lib_a-errno.o)
 .ARM.attributes
                0x0000000000000000       0x34 /usr/lib/gcc/arm-none-eabi/7.3.0/../../../../arm-none-eabi/lib/armv7e-m/fpu/libc_nano.a(lib_a-errno.o)
 .text          0x0000000000000000        0x0 /usr/lib/gcc/arm-none-eabi/7.3.0/../../../../arm-none-eabi/lib/armv7e-m/fpu/libc_nano.a(lib_a-findfp.o)
 .data          0x0000000000000000        0x0 /usr/lib/gcc/arm-none-eabi/7.3.0/../../../../arm-none-eabi/lib/armv7e-m/fpu/libc_nano.a(lib_a-findfp.o)
 .bss           0x0000000000000000        0x0 /usr/lib/gcc/arm-none-eabi/7.3.0/../../../../arm-none-eabi/lib/armv7e-m/fpu/libc_nano.a(lib_a-findfp.o)
 .text.__fp_lock
                0x0000000000000000        0x4 /usr/lib/gcc/arm-none-eabi/7.3.0/../../../../arm-none-eabi/lib/armv7e-m/fpu/libc_nano.a(lib_a-findfp.o)
 .text.std      0x0000000000000000       0x48 /usr/lib/gcc/arm-none-eabi/7.3.0/../../../../arm-none-eabi/lib/armv7e-m/fpu/libc_nano.a(lib_a-findfp.o)
 .text._cleanup_r
                0x0000000000000000        0xc /usr/lib/gcc/arm-none-eabi/7.3.0/../../../../arm-none-eabi/lib/armv7e-m/fpu/libc_nano.a(lib_a-findfp.o)
 .text.__fp_unlock
                0x0000000000000000        0x4 /usr/lib/gcc/arm-none-eabi/7.3.0/../../../../arm-none-eabi/lib/armv7e-m/fpu/libc_nano.a(lib_a-findfp.o)
 .text.__sfmoreglue
                0x0000000000000000       0x2c /usr/lib/gcc/arm-none-eabi/7.3.0/../../../../arm-none-eabi/lib/armv7e-m/fpu/libc_nano.a(lib_a-findfp.o)
 .text._cleanup
                0x0000000000000000        0xc /usr/lib/gcc/arm-none-eabi/7.3.0/../../../../arm-none-eabi/lib/armv7e-m/fpu/libc_nano.a(lib_a-findfp.o)
 .text.__sinit  0x0000000000000000       0x60 /usr/lib/gcc/arm-none-eabi/7.3.0/../../../../arm-none-eabi/lib/armv7e-m/fpu/libc_nano.a(lib_a-findfp.o)
 .text.__sfp    0x0000000000000000       0x78 /usr/lib/gcc/arm-none-eabi/7.3.0/../../../../arm-none-eabi/lib/armv7e-m/fpu/libc_nano.a(lib_a-findfp.o)
 .text.__sfp_lock_acquire
                0x0000000000000000        0x2 /usr/lib/gcc/arm-none-eabi/7.3.0/../../../../arm-none-eabi/lib/armv7e-m/fpu/libc_nano.a(lib_a-findfp.o)
 .text.__sfp_lock_release
                0x0000000000000000        0x2 /usr/lib/gcc/arm-none-eabi/7.3.0/../../../../arm-none-eabi/lib/armv7e-m/fpu/libc_nano.a(lib_a-findfp.o)
 .text.__sinit_lock_acquire
                0x0000000000000000        0x2 /usr/lib/gcc/arm-none-eabi/7.3.0/../../../../arm-none-eabi/lib/armv7e-m/fpu/libc_nano.a(lib_a-findfp.o)
 .text.__sinit_lock_release
                0x0000000000000000        0x2 /usr/lib/gcc/arm-none-eabi/7.3.0/../../../../arm-none-eabi/lib/armv7e-m/fpu/libc_nano.a(lib_a-findfp.o)
 .text.__fp_lock_all
                0x0000000000000000       0x14 /usr/lib/gcc/arm-none-eabi/7.3.0/../../../../arm-none-eabi/lib/armv7e-m/fpu/libc_nano.a(lib_a-findfp.o)
 .text.__fp_unlock_all
                0x0000000000000000       0x14 /usr/lib/gcc/arm-none-eabi/7.3.0/../../../../arm-none-eabi/lib/armv7e-m/fpu/libc_nano.a(lib_a-findfp.o)
 .rodata.__sf_fake_stderr
                0x0000000000000000       0x20 /usr/lib/gcc/arm-none-eabi/7.3.0/../../../../arm-none-eabi/lib/armv7e-m/fpu/libc_nano.a(lib_a-findfp.o)
 .rodata.__sf_fake_stdin
                0x0000000000000000       0x20 /usr/lib/gcc/arm-none-eabi/7.3.0/../../../../arm-none-eabi/lib/armv7e-m/fpu/libc_nano.a(lib_a-findfp.o)
 .rodata.__sf_fake_stdout
                0x0000000000000000       0x20 /usr/lib/gcc/arm-none-eabi/7.3.0/../../../../arm-none-eabi/lib/armv7e-m/fpu/libc_nano.a(lib_a-findfp.o)
 .debug_frame   0x0000000000000000      0x11c /usr/lib/gcc/arm-none-eabi/7.3.0/../../../../arm-none-eabi/lib/armv7e-m/fpu/libc_nano.a(lib_a-findfp.o)
 .ARM.attributes
                0x0000000000000000       0x34 /usr/lib/gcc/arm-none-eabi/7.3.0/../../../../arm-none-eabi/lib/armv7e-m/fpu/libc_nano.a(lib_a-findfp.o)
 .text          0x0000000000000000        0x0 /usr/lib/gcc/arm-none-eabi/7.3.0/../../../../arm-none-eabi/lib/armv7e-m/fpu/libc_nano.a(lib_a-fwalk.o)
 .data          0x0000000000000000        0x0 /usr/lib/gcc/arm-none-eabi/7.3.0/../../../../arm-none-eabi/lib/armv7e-m/fpu/libc_nano.a(lib_a-fwalk.o)
 .bss           0x0000000000000000        0x0 /usr/lib/gcc/arm-none-eabi/7.3.0/../../../../arm-none-eabi/lib/armv7e-m/fpu/libc_nano.a(lib_a-fwalk.o)
 .text._fwalk   0x0000000000000000       0x38 /usr/lib/gcc/arm-none-eabi/7.3.0/../../../../arm-none-eabi/lib/armv7e-m/fpu/libc_nano.a(lib_a-fwalk.o)
 .text._fwalk_reent
                0x0000000000000000       0x3c /usr/lib/gcc/arm-none-eabi/7.3.0/../../../../arm-none-eabi/lib/armv7e-m/fpu/libc_nano.a(lib_a-fwalk.o)
 .debug_frame   0x0000000000000000       0x54 /usr/lib/gcc/arm-none-eabi/7.3.0/../../../../arm-none-eabi/lib/armv7e-m/fpu/libc_nano.a(lib_a-fwalk.o)
 .ARM.attributes
                0x0000000000000000       0x34 /usr/lib/gcc/arm-none-eabi/7.3.0/../../../../arm-none-eabi/lib/armv7e-m/fpu/libc_nano.a(lib_a-fwalk.o)
 .text          0x0000000000000000        0x0 /usr/lib/gcc/arm-none-eabi/7.3.0/../../../../arm-none-eabi/lib/armv7e-m/fpu/libc_nano.a(lib_a-impure.o)
 .data          0x0000000000000000        0x0 /usr/lib/gcc/arm-none-eabi/7.3.0/../../../../arm-none-eabi/lib/armv7e-m/fpu/libc_nano.a(lib_a-impure.o)
 .bss           0x0000000000000000        0x0 /usr/lib/gcc/arm-none-eabi/7.3.0/../../../../arm-none-eabi/lib/armv7e-m/fpu/libc_nano.a(lib_a-impure.o)
 .data._impure_ptr
                0x0000000000000000        0x4 /usr/lib/gcc/arm-none-eabi/7.3.0/../../../../arm-none-eabi/lib/armv7e-m/fpu/libc_nano.a(lib_a-impure.o)
 .data.impure_data
                0x0000000000000000       0x60 /usr/lib/gcc/arm-none-eabi/7.3.0/../../../../arm-none-eabi/lib/armv7e-m/fpu/libc_nano.a(lib_a-impure.o)
 .rodata._global_impure_ptr
                0x0000000000000000        0x4 /usr/lib/gcc/arm-none-eabi/7.3.0/../../../../arm-none-eabi/lib/armv7e-m/fpu/libc_nano.a(lib_a-impure.o)
 .ARM.attributes
                0x0000000000000000       0x34 /usr/lib/gcc/arm-none-eabi/7.3.0/../../../../arm-none-eabi/lib/armv7e-m/fpu/libc_nano.a(lib_a-impure.o)
 .text          0x0000000000000000        0x0 /usr/lib/gcc/arm-none-eabi/7.3.0/../../../../arm-none-eabi/lib/armv7e-m/fpu/libc_nano.a(lib_a-memset.o)
 .data          0x0000000000000000        0x0 /usr/lib/gcc/arm-none-eabi/7.3.0/../../../../arm-none-eabi/lib/armv7e-m/fpu/libc_nano.a(lib_a-memset.o)
 .bss           0x0000000000000000        0x0 /usr/lib/gcc/arm-none-eabi/7.3.0/../../../../arm-none-eabi/lib/armv7e-m/fpu/libc_nano.a(lib_a-memset.o)
 .text.memset   0x0000000000000000       0x10 /usr/lib/gcc/arm-none-eabi/7.3.0/../../../../arm-none-eabi/lib/armv7e-m/fpu/libc_nano.a(lib_a-memset.o)
 .debug_frame   0x0000000000000000       0x20 /usr/lib/gcc/arm-none-eabi/7.3.0/../../../../arm-none-eabi/lib/armv7e-m/fpu/libc_nano.a(lib_a-memset.o)
 .ARM.attributes
                0x0000000000000000       0x34 /usr/lib/gcc/arm-none-eabi/7.3.0/../../../../arm-none-eabi/lib/armv7e-m/fpu/libc_nano.a(lib_a-memset.o)
 .text          0x0000000000000000        0x0 /usr/lib/gcc/arm-none-eabi/7.3.0/../../../../arm-none-eabi/lib/armv7e-m/fpu/libc_nano.a(lib_a-nano-mallocr.o)
 .data          0x0000000000000000        0x0 /usr/lib/gcc/arm-none-eabi/7.3.0/../../../../arm-none-eabi/lib/armv7e-m/fpu/libc_nano.a(lib_a-nano-mallocr.o)
 .bss           0x0000000000000000        0x0 /usr/lib/gcc/arm-none-eabi/7.3.0/../../../../arm-none-eabi/lib/armv7e-m/fpu/libc_nano.a(lib_a-nano-mallocr.o)
 .text._malloc_r
                0x0000000000000000       0xb4 /usr/lib/gcc/arm-none-eabi/7.3.0/../../../../arm-none-eabi/lib/armv7e-m/fpu/libc_nano.a(lib_a-nano-mallocr.o)
 .bss.__malloc_free_list
                0x0000000000000000        0x4 /usr/lib/gcc/arm-none-eabi/7.3.0/../../../../arm-none-eabi/lib/armv7e-m/fpu/libc_nano.a(lib_a-nano-mallocr.o)
 .bss.__malloc_sbrk_start
                0x0000000000000000        0x4 /usr/lib/gcc/arm-none-eabi/7.3.0/../../../../arm-none-eabi/lib/armv7e-m/fpu/libc_nano.a(lib_a-nano-mallocr.o)
 .debug_frame   0x0000000000000000       0x2c /usr/lib/gcc/arm-none-eabi/7.3.0/../../../../arm-none-eabi/lib/armv7e-m/fpu/libc_nano.a(lib_a-nano-mallocr.o)
 .ARM.attributes
                0x0000000000000000       0x34 /usr/lib/gcc/arm-none-eabi/7.3.0/../../../../arm-none-eabi/lib/armv7e-m/fpu/libc_nano.a(lib_a-nano-mallocr.o)
 .text          0x0000000000000000        0x0 /usr/lib/gcc/arm-none-eabi/7.3.0/../../../../arm-none-eabi/lib/armv7e-m/fpu/libc_nano.a(lib_a-sbrkr.o)
 .data          0x0000000000000000        0x0 /usr/lib/gcc/arm-none-eabi/7.3.0/../../../../arm-none-eabi/lib/armv7e-m/fpu/libc_nano.a(lib_a-sbrkr.o)
 .bss           0x0000000000000000        0x0 /usr/lib/gcc/arm-none-eabi/7.3.0/../../../../arm-none-eabi/lib/armv7e-m/fpu/libc_nano.a(lib_a-sbrkr.o)
 .text._sbrk_r  0x0000000000000000       0x20 /usr/lib/gcc/arm-none-eabi/7.3.0/../../../../arm-none-eabi/lib/armv7e-m/fpu/libc_nano.a(lib_a-sbrkr.o)
 .debug_frame   0x0000000000000000       0x2c /usr/lib/gcc/arm-none-eabi/7.3.0/../../../../arm-none-eabi/lib/armv7e-m/fpu/libc_nano.a(lib_a-sbrkr.o)
 .ARM.attributes
                0x0000000000000000       0x34 /usr/lib/gcc/arm-none-eabi/7.3.0/../../../../arm-none-eabi/lib/armv7e-m/fpu/libc_nano.a(lib_a-sbrkr.o)
 .text          0x0000000000000000        0x0 /usr/lib/gcc/arm-none-eabi/7.3.0/../../../../arm-none-eabi/lib/armv7e-m/fpu/libc_nano.a(lib_a-stdio.o)
 .data          0x0000000000000000        0x0 /usr/lib/gcc/arm-none-eabi/7.3.0/../../../../arm-none-eabi/lib/armv7e-m/fpu/libc_nano.a(lib_a-stdio.o)
 .bss           0x0000000000000000        0x0 /usr/lib/gcc/arm-none-eabi/7.3.0/../../../../arm-none-eabi/lib/armv7e-m/fpu/libc_nano.a(lib_a-stdio.o)
 .text.__sread  0x0000000000000000       0x22 /usr/lib/gcc/arm-none-eabi/7.3.0/../../../../arm-none-eabi/lib/armv7e-m/fpu/libc_nano.a(lib_a-stdio.o)
 .text.__seofread
                0x0000000000000000        0x4 /usr/lib/gcc/arm-none-eabi/7.3.0/../../../../arm-none-eabi/lib/armv7e-m/fpu/libc_nano.a(lib_a-stdio.o)
 .text.__swrite
                0x0000000000000000       0x38 /usr/lib/gcc/arm-none-eabi/7.3.0/../../../../arm-none-eabi/lib/armv7e-m/fpu/libc_nano.a(lib_a-stdio.o)
 .text.__sseek  0x0000000000000000       0x24 /usr/lib/gcc/arm-none-eabi/7.3.0/../../../../arm-none-eabi/lib/armv7e-m/fpu/libc_nano.a(lib_a-stdio.o)
 .text.__sclose
                0x0000000000000000        0x8 /usr/lib/gcc/arm-none-eabi/7.3.0/../../../../arm-none-eabi/lib/armv7e-m/fpu/libc_nano.a(lib_a-stdio.o)
 .debug_frame   0x0000000000000000       0x88 /usr/lib/gcc/arm-none-eabi/7.3.0/../../../../arm-none-eabi/lib/armv7e-m/fpu/libc_nano.a(lib_a-stdio.o)
 .ARM.attributes
                0x0000000000000000       0x34 /usr/lib/gcc/arm-none-eabi/7.3.0/../../../../arm-none-eabi/lib/armv7e-m/fpu/libc_nano.a(lib_a-stdio.o)
 .text          0x0000000000000000       0x10 /usr/lib/gcc/arm-none-eabi/7.3.0/../../../../arm-none-eabi/lib/armv7e-m/fpu/libc_nano.a(lib_a-strlen.o)
 .data          0x0000000000000000        0x0 /usr/lib/gcc/arm-none-eabi/7.3.0/../../../../arm-none-eabi/lib/armv7e-m/fpu/libc_nano.a(lib_a-strlen.o)
 .bss           0x0000000000000000        0x0 /usr/lib/gcc/arm-none-eabi/7.3.0/../../../../arm-none-eabi/lib/armv7e-m/fpu/libc_nano.a(lib_a-strlen.o)
 .ARM.attributes
                0x0000000000000000       0x1b /usr/lib/gcc/arm-none-eabi/7.3.0/../../../../arm-none-eabi/lib/armv7e-m/fpu/libc_nano.a(lib_a-strlen.o)
 .text          0x0000000000000000        0x0 /usr/lib/gcc/arm-none-eabi/7.3.0/../../../../arm-none-eabi/lib/armv7e-m/fpu/libc_nano.a(lib_a-writer.o)
 .data          0x0000000000000000        0x0 /usr/lib/gcc/arm-none-eabi/7.3.0/../../../../arm-none-eabi/lib/armv7e-m/fpu/libc_nano.a(lib_a-writer.o)
 .bss           0x0000000000000000        0x0 /usr/lib/gcc/arm-none-eabi/7.3.0/../../../../arm-none-eabi/lib/armv7e-m/fpu/libc_nano.a(lib_a-writer.o)
 .text._write_r
                0x0000000000000000       0x24 /usr/lib/gcc/arm-none-eabi/7.3.0/../../../../arm-none-eabi/lib/armv7e-m/fpu/libc_nano.a(lib_a-writer.o)
 .debug_frame   0x0000000000000000       0x2c /usr/lib/gcc/arm-none-eabi/7.3.0/../../../../arm-none-eabi/lib/armv7e-m/fpu/libc_nano.a(lib_a-writer.o)
 .ARM.attributes
                0x0000000000000000       0x34 /usr/lib/gcc/arm-none-eabi/7.3.0/../../../../arm-none-eabi/lib/armv7e-m/fpu/libc_nano.a(lib_a-writer.o)
 .text          0x0000000000000000        0x0 /usr/lib/gcc/arm-none-eabi/7.3.0/../../../../arm-none-eabi/lib/armv7e-m/fpu/libc_nano.a(lib_a-closer.o)
 .data          0x0000000000000000        0x0 /usr/lib/gcc/arm-none-eabi/7.3.0/../../../../arm-none-eabi/lib/armv7e-m/fpu/libc_nano.a(lib_a-closer.o)
 .bss           0x0000000000000000        0x0 /usr/lib/gcc/arm-none-eabi/7.3.0/../../../../arm-none-eabi/lib/armv7e-m/fpu/libc_nano.a(lib_a-closer.o)
 .text._close_r
                0x0000000000000000       0x20 /usr/lib/gcc/arm-none-eabi/7.3.0/../../../../arm-none-eabi/lib/armv7e-m/fpu/libc_nano.a(lib_a-closer.o)
 .debug_frame   0x0000000000000000       0x2c /usr/lib/gcc/arm-none-eabi/7.3.0/../../../../arm-none-eabi/lib/armv7e-m/fpu/libc_nano.a(lib_a-closer.o)
 .ARM.attributes
                0x0000000000000000       0x34 /usr/lib/gcc/arm-none-eabi/7.3.0/../../../../arm-none-eabi/lib/armv7e-m/fpu/libc_nano.a(lib_a-closer.o)
 .text          0x0000000000000000        0x0 /usr/lib/gcc/arm-none-eabi/7.3.0/../../../../arm-none-eabi/lib/armv7e-m/fpu/libc_nano.a(lib_a-fflush.o)
 .data          0x0000000000000000        0x0 /usr/lib/gcc/arm-none-eabi/7.3.0/../../../../arm-none-eabi/lib/armv7e-m/fpu/libc_nano.a(lib_a-fflush.o)
 .bss           0x0000000000000000        0x0 /usr/lib/gcc/arm-none-eabi/7.3.0/../../../../arm-none-eabi/lib/armv7e-m/fpu/libc_nano.a(lib_a-fflush.o)
 .text.__sflush_r
                0x0000000000000000      0x10c /usr/lib/gcc/arm-none-eabi/7.3.0/../../../../arm-none-eabi/lib/armv7e-m/fpu/libc_nano.a(lib_a-fflush.o)
 .text._fflush_r
                0x0000000000000000       0x54 /usr/lib/gcc/arm-none-eabi/7.3.0/../../../../arm-none-eabi/lib/armv7e-m/fpu/libc_nano.a(lib_a-fflush.o)
 .text.fflush   0x0000000000000000       0x24 /usr/lib/gcc/arm-none-eabi/7.3.0/../../../../arm-none-eabi/lib/armv7e-m/fpu/libc_nano.a(lib_a-fflush.o)
 .debug_frame   0x0000000000000000       0x68 /usr/lib/gcc/arm-none-eabi/7.3.0/../../../../arm-none-eabi/lib/armv7e-m/fpu/libc_nano.a(lib_a-fflush.o)
 .ARM.attributes
                0x0000000000000000       0x34 /usr/lib/gcc/arm-none-eabi/7.3.0/../../../../arm-none-eabi/lib/armv7e-m/fpu/libc_nano.a(lib_a-fflush.o)
 .text          0x0000000000000000        0x0 /usr/lib/gcc/arm-none-eabi/7.3.0/../../../../arm-none-eabi/lib/armv7e-m/fpu/libc_nano.a(lib_a-lseekr.o)
 .data          0x0000000000000000        0x0 /usr/lib/gcc/arm-none-eabi/7.3.0/../../../../arm-none-eabi/lib/armv7e-m/fpu/libc_nano.a(lib_a-lseekr.o)
 .bss           0x0000000000000000        0x0 /usr/lib/gcc/arm-none-eabi/7.3.0/../../../../arm-none-eabi/lib/armv7e-m/fpu/libc_nano.a(lib_a-lseekr.o)
 .text._lseek_r
                0x0000000000000000       0x24 /usr/lib/gcc/arm-none-eabi/7.3.0/../../../../arm-none-eabi/lib/armv7e-m/fpu/libc_nano.a(lib_a-lseekr.o)
 .debug_frame   0x0000000000000000       0x2c /usr/lib/gcc/arm-none-eabi/7.3.0/../../../../arm-none-eabi/lib/armv7e-m/fpu/libc_nano.a(lib_a-lseekr.o)
 .ARM.attributes
                0x0000000000000000       0x34 /usr/lib/gcc/arm-none-eabi/7.3.0/../../../../arm-none-eabi/lib/armv7e-m/fpu/libc_nano.a(lib_a-lseekr.o)
 .text          0x0000000000000000        0x0 /usr/lib/gcc/arm-none-eabi/7.3.0/../../../../arm-none-eabi/lib/armv7e-m/fpu/libc_nano.a(lib_a-mlock.o)
 .data          0x0000000000000000        0x0 /usr/lib/gcc/arm-none-eabi/7.3.0/../../../../arm-none-eabi/lib/armv7e-m/fpu/libc_nano.a(lib_a-mlock.o)
 .bss           0x0000000000000000        0x0 /usr/lib/gcc/arm-none-eabi/7.3.0/../../../../arm-none-eabi/lib/armv7e-m/fpu/libc_nano.a(lib_a-mlock.o)
 .text.__malloc_lock
                0x0000000000000000        0x2 /usr/lib/gcc/arm-none-eabi/7.3.0/../../../../arm-none-eabi/lib/armv7e-m/fpu/libc_nano.a(lib_a-mlock.o)
 .text.__malloc_unlock
                0x0000000000000000        0x2 /usr/lib/gcc/arm-none-eabi/7.3.0/../../../../arm-none-eabi/lib/armv7e-m/fpu/libc_nano.a(lib_a-mlock.o)
 .debug_frame   0x0000000000000000       0x30 /usr/lib/gcc/arm-none-eabi/7.3.0/../../../../arm-none-eabi/lib/armv7e-m/fpu/libc_nano.a(lib_a-mlock.o)
 .ARM.attributes
                0x0000000000000000       0x34 /usr/lib/gcc/arm-none-eabi/7.3.0/../../../../arm-none-eabi/lib/armv7e-m/fpu/libc_nano.a(lib_a-mlock.o)
 .text          0x0000000000000000        0x0 /usr/lib/gcc/arm-none-eabi/7.3.0/../../../../arm-none-eabi/lib/armv7e-m/fpu/libc_nano.a(lib_a-nano-freer.o)
 .data          0x0000000000000000        0x0 /usr/lib/gcc/arm-none-eabi/7.3.0/../../../../arm-none-eabi/lib/armv7e-m/fpu/libc_nano.a(lib_a-nano-freer.o)
 .bss           0x0000000000000000        0x0 /usr/lib/gcc/arm-none-eabi/7.3.0/../../../../arm-none-eabi/lib/armv7e-m/fpu/libc_nano.a(lib_a-nano-freer.o)
 .text._free_r  0x0000000000000000       0x9c /usr/lib/gcc/arm-none-eabi/7.3.0/../../../../arm-none-eabi/lib/armv7e-m/fpu/libc_nano.a(lib_a-nano-freer.o)
 .debug_frame   0x0000000000000000       0x38 /usr/lib/gcc/arm-none-eabi/7.3.0/../../../../arm-none-eabi/lib/armv7e-m/fpu/libc_nano.a(lib_a-nano-freer.o)
 .ARM.attributes
                0x0000000000000000       0x34 /usr/lib/gcc/arm-none-eabi/7.3.0/../../../../arm-none-eabi/lib/armv7e-m/fpu/libc_nano.a(lib_a-nano-freer.o)
 .text          0x0000000000000000        0x0 /usr/lib/gcc/arm-none-eabi/7.3.0/../../../../arm-none-eabi/lib/armv7e-m/fpu/libc_nano.a(lib_a-readr.o)
 .data          0x0000000000000000        0x0 /usr/lib/gcc/arm-none-eabi/7.3.0/../../../../arm-none-eabi/lib/armv7e-m/fpu/libc_nano.a(lib_a-readr.o)
 .bss           0x0000000000000000        0x0 /usr/lib/gcc/arm-none-eabi/7.3.0/../../../../arm-none-eabi/lib/armv7e-m/fpu/libc_nano.a(lib_a-readr.o)
 .text._read_r  0x0000000000000000       0x24 /usr/lib/gcc/arm-none-eabi/7.3.0/../../../../arm-none-eabi/lib/armv7e-m/fpu/libc_nano.a(lib_a-readr.o)
 .debug_frame   0x0000000000000000       0x2c /usr/lib/gcc/arm-none-eabi/7.3.0/../../../../arm-none-eabi/lib/armv7e-m/fpu/libc_nano.a(lib_a-readr.o)
 .ARM.attributes
                0x0000000000000000       0x34 /usr/lib/gcc/arm-none-eabi/7.3.0/../../../../arm-none-eabi/lib/armv7e-m/fpu/libc_nano.a(lib_a-readr.o)
 .text          0x0000000000000000        0x0 /usr/lib/gcc/arm-none-eabi/7.3.0/../../../../arm-none-eabi/lib/armv7e-m/fpu/libc_nano.a(lib_a-reent.o)
 .data          0x0000000000000000        0x0 /usr/lib/gcc/arm-none-eabi/7.3.0/../../../../arm-none-eabi/lib/armv7e-m/fpu/libc_nano.a(lib_a-reent.o)
 .bss           0x0000000000000000        0x0 /usr/lib/gcc/arm-none-eabi/7.3.0/../../../../arm-none-eabi/lib/armv7e-m/fpu/libc_nano.a(lib_a-reent.o)
 .text.cleanup_glue
                0x0000000000000000       0x1a /usr/lib/gcc/arm-none-eabi/7.3.0/../../../../arm-none-eabi/lib/armv7e-m/fpu/libc_nano.a(lib_a-reent.o)
 .text._reclaim_reent
                0x0000000000000000       0xb8 /usr/lib/gcc/arm-none-eabi/7.3.0/../../../../arm-none-eabi/lib/armv7e-m/fpu/libc_nano.a(lib_a-reent.o)
 .debug_frame   0x0000000000000000       0x5c /usr/lib/gcc/arm-none-eabi/7.3.0/../../../../arm-none-eabi/lib/armv7e-m/fpu/libc_nano.a(lib_a-reent.o)
 .ARM.attributes
                0x0000000000000000       0x34 /usr/lib/gcc/arm-none-eabi/7.3.0/../../../../arm-none-eabi/lib/armv7e-m/fpu/libc_nano.a(lib_a-reent.o)
 COMMON         0x0000000000000000        0x4 /usr/lib/gcc/arm-none-eabi/7.3.0/../../../../arm-none-eabi/lib/armv7e-m/fpu/libc_nano.a(lib_a-reent.o)

Memory Configuration

Name             Origin             Length             Attributes
rom              0x0000000000000000 0x0000000000040000 xrw
ram              0x0000000020000000 0x0000000000010000 xrw
*default*        0x0000000000000000 0xffffffffffffffff

Linker script and memory map

LOAD /tmp/ccbKCCVB.ltrans0.ltrans.o
LOAD /usr/lib/gcc/arm-none-eabi/7.3.0/../../../../arm-none-eabi/lib/armv7e-m/fpu/libm.a
LOAD /usr/lib/gcc/arm-none-eabi/7.3.0/../../../../arm-none-eabi/lib/armv7e-m/fpu/librdimon_nano.a
LOAD ../libopencm3/lib/libopencm3_lpc43xx.a
START GROUP
LOAD /usr/lib/gcc/arm-none-eabi/7.3.0/../../../../arm-none-eabi/lib/armv7e-m/fpu/libc_nano.a
LOAD /usr/lib/gcc/arm-none-eabi/7.3.0/armv7e-m/fpu/libgcc.a
LOAD /usr/lib/gcc/arm-none-eabi/7.3.0/../../../../arm-none-eabi/lib/armv7e-m/fpu/libnosys.a
END GROUP
START GROUP
LOAD /usr/lib/gcc/arm-none-eabi/7.3.0/armv7e-m/fpu/libgcc.a
LOAD /usr/lib/gcc/arm-none-eabi/7.3.0/../../../../arm-none-eabi/lib/armv7e-m/fpu/libg_nano.a
LOAD /usr/lib/gcc/arm-none-eabi/7.3.0/../../../../arm-none-eabi/lib/armv7e-m/fpu/libc_nano.a
END GROUP
START GROUP
LOAD /usr/lib/gcc/arm-none-eabi/7.3.0/armv7e-m/fpu/libgcc.a
LOAD /usr/lib/gcc/arm-none-eabi/7.3.0/../../../../arm-none-eabi/lib/armv7e-m/fpu/libc_nano.a
END GROUP
OUTPUT(hello.elf elf32-littlearm)

.glue_7         0x0000000000000000        0x0
 .glue_7        0x0000000000000000        0x0 linker stubs

.glue_7t        0x0000000000000000        0x0
 .glue_7t       0x0000000000000000        0x0 linker stubs

.vfp11_veneer   0x0000000000000000        0x0
 .vfp11_veneer  0x0000000000000000        0x0 linker stubs

.v4_bx          0x0000000000000000        0x0
 .v4_bx         0x0000000000000000        0x0 linker stubs

Cross Reference Table

Symbol                                            File
__errno                                           /usr/lib/gcc/arm-none-eabi/7.3.0/../../../../arm-none-eabi/lib/armv7e-m/fpu/libc_nano.a(lib_a-errno.o)
                                                  /usr/lib/gcc/arm-none-eabi/7.3.0/../../../../arm-none-eabi/lib/armv7e-m/fpu/librdimon_nano.a(rdimon-syscalls.o)
__fp_lock_all                                     /usr/lib/gcc/arm-none-eabi/7.3.0/../../../../arm-none-eabi/lib/armv7e-m/fpu/libc_nano.a(lib_a-findfp.o)
__fp_unlock_all                                   /usr/lib/gcc/arm-none-eabi/7.3.0/../../../../arm-none-eabi/lib/armv7e-m/fpu/libc_nano.a(lib_a-findfp.o)
__heap_limit                                      /usr/lib/gcc/arm-none-eabi/7.3.0/../../../../arm-none-eabi/lib/armv7e-m/fpu/librdimon_nano.a(rdimon-syscalls.o)
__malloc_free_list                                /usr/lib/gcc/arm-none-eabi/7.3.0/../../../../arm-none-eabi/lib/armv7e-m/fpu/libc_nano.a(lib_a-nano-mallocr.o)
                                                  /usr/lib/gcc/arm-none-eabi/7.3.0/../../../../arm-none-eabi/lib/armv7e-m/fpu/libc_nano.a(lib_a-nano-freer.o)
__malloc_lock                                     /usr/lib/gcc/arm-none-eabi/7.3.0/../../../../arm-none-eabi/lib/armv7e-m/fpu/libc_nano.a(lib_a-mlock.o)
                                                  /usr/lib/gcc/arm-none-eabi/7.3.0/../../../../arm-none-eabi/lib/armv7e-m/fpu/libc_nano.a(lib_a-nano-freer.o)
                                                  /usr/lib/gcc/arm-none-eabi/7.3.0/../../../../arm-none-eabi/lib/armv7e-m/fpu/libc_nano.a(lib_a-nano-mallocr.o)
__malloc_sbrk_start                               /usr/lib/gcc/arm-none-eabi/7.3.0/../../../../arm-none-eabi/lib/armv7e-m/fpu/libc_nano.a(lib_a-nano-mallocr.o)
__malloc_unlock                                   /usr/lib/gcc/arm-none-eabi/7.3.0/../../../../arm-none-eabi/lib/armv7e-m/fpu/libc_nano.a(lib_a-mlock.o)
                                                  /usr/lib/gcc/arm-none-eabi/7.3.0/../../../../arm-none-eabi/lib/armv7e-m/fpu/libc_nano.a(lib_a-nano-freer.o)
                                                  /usr/lib/gcc/arm-none-eabi/7.3.0/../../../../arm-none-eabi/lib/armv7e-m/fpu/libc_nano.a(lib_a-nano-mallocr.o)
__sclose                                          /usr/lib/gcc/arm-none-eabi/7.3.0/../../../../arm-none-eabi/lib/armv7e-m/fpu/libc_nano.a(lib_a-stdio.o)
                                                  /usr/lib/gcc/arm-none-eabi/7.3.0/../../../../arm-none-eabi/lib/armv7e-m/fpu/libc_nano.a(lib_a-findfp.o)
__seofread                                        /usr/lib/gcc/arm-none-eabi/7.3.0/../../../../arm-none-eabi/lib/armv7e-m/fpu/libc_nano.a(lib_a-stdio.o)
__sf_fake_stderr                                  /usr/lib/gcc/arm-none-eabi/7.3.0/../../../../arm-none-eabi/lib/armv7e-m/fpu/libc_nano.a(lib_a-findfp.o)
                                                  /usr/lib/gcc/arm-none-eabi/7.3.0/../../../../arm-none-eabi/lib/armv7e-m/fpu/libc_nano.a(lib_a-fflush.o)
                                                  /usr/lib/gcc/arm-none-eabi/7.3.0/../../../../arm-none-eabi/lib/armv7e-m/fpu/libc_nano.a(lib_a-impure.o)
__sf_fake_stdin                                   /usr/lib/gcc/arm-none-eabi/7.3.0/../../../../arm-none-eabi/lib/armv7e-m/fpu/libc_nano.a(lib_a-findfp.o)
                                                  /usr/lib/gcc/arm-none-eabi/7.3.0/../../../../arm-none-eabi/lib/armv7e-m/fpu/libc_nano.a(lib_a-fflush.o)
                                                  /usr/lib/gcc/arm-none-eabi/7.3.0/../../../../arm-none-eabi/lib/armv7e-m/fpu/libc_nano.a(lib_a-impure.o)
__sf_fake_stdout                                  /usr/lib/gcc/arm-none-eabi/7.3.0/../../../../arm-none-eabi/lib/armv7e-m/fpu/libc_nano.a(lib_a-findfp.o)
                                                  /usr/lib/gcc/arm-none-eabi/7.3.0/../../../../arm-none-eabi/lib/armv7e-m/fpu/libc_nano.a(lib_a-fflush.o)
                                                  /usr/lib/gcc/arm-none-eabi/7.3.0/../../../../arm-none-eabi/lib/armv7e-m/fpu/libc_nano.a(lib_a-impure.o)
__sflush_r                                        /usr/lib/gcc/arm-none-eabi/7.3.0/../../../../arm-none-eabi/lib/armv7e-m/fpu/libc_nano.a(lib_a-fflush.o)
__sfmoreglue                                      /usr/lib/gcc/arm-none-eabi/7.3.0/../../../../arm-none-eabi/lib/armv7e-m/fpu/libc_nano.a(lib_a-findfp.o)
__sfp                                             /usr/lib/gcc/arm-none-eabi/7.3.0/../../../../arm-none-eabi/lib/armv7e-m/fpu/libc_nano.a(lib_a-findfp.o)
__sfp_lock_acquire                                /usr/lib/gcc/arm-none-eabi/7.3.0/../../../../arm-none-eabi/lib/armv7e-m/fpu/libc_nano.a(lib_a-findfp.o)
__sfp_lock_release                                /usr/lib/gcc/arm-none-eabi/7.3.0/../../../../arm-none-eabi/lib/armv7e-m/fpu/libc_nano.a(lib_a-findfp.o)
__sinit                                           /usr/lib/gcc/arm-none-eabi/7.3.0/../../../../arm-none-eabi/lib/armv7e-m/fpu/libc_nano.a(lib_a-findfp.o)
                                                  /usr/lib/gcc/arm-none-eabi/7.3.0/../../../../arm-none-eabi/lib/armv7e-m/fpu/libc_nano.a(lib_a-fflush.o)
                                                  /usr/lib/gcc/arm-none-eabi/7.3.0/../../../../arm-none-eabi/lib/armv7e-m/fpu/librdimon_nano.a(rdimon-syscalls.o)
__sinit_lock_acquire                              /usr/lib/gcc/arm-none-eabi/7.3.0/../../../../arm-none-eabi/lib/armv7e-m/fpu/libc_nano.a(lib_a-findfp.o)
__sinit_lock_release                              /usr/lib/gcc/arm-none-eabi/7.3.0/../../../../arm-none-eabi/lib/armv7e-m/fpu/libc_nano.a(lib_a-findfp.o)
__sread                                           /usr/lib/gcc/arm-none-eabi/7.3.0/../../../../arm-none-eabi/lib/armv7e-m/fpu/libc_nano.a(lib_a-stdio.o)
                                                  /usr/lib/gcc/arm-none-eabi/7.3.0/../../../../arm-none-eabi/lib/armv7e-m/fpu/libc_nano.a(lib_a-findfp.o)
__sseek                                           /usr/lib/gcc/arm-none-eabi/7.3.0/../../../../arm-none-eabi/lib/armv7e-m/fpu/libc_nano.a(lib_a-stdio.o)
                                                  /usr/lib/gcc/arm-none-eabi/7.3.0/../../../../arm-none-eabi/lib/armv7e-m/fpu/libc_nano.a(lib_a-findfp.o)
__swrite                                          /usr/lib/gcc/arm-none-eabi/7.3.0/../../../../arm-none-eabi/lib/armv7e-m/fpu/libc_nano.a(lib_a-stdio.o)
                                                  /usr/lib/gcc/arm-none-eabi/7.3.0/../../../../arm-none-eabi/lib/armv7e-m/fpu/libc_nano.a(lib_a-findfp.o)
_cleanup                                          /usr/lib/gcc/arm-none-eabi/7.3.0/../../../../arm-none-eabi/lib/armv7e-m/fpu/libc_nano.a(lib_a-findfp.o)
_cleanup_r                                        /usr/lib/gcc/arm-none-eabi/7.3.0/../../../../arm-none-eabi/lib/armv7e-m/fpu/libc_nano.a(lib_a-findfp.o)
_clock                                            /usr/lib/gcc/arm-none-eabi/7.3.0/../../../../arm-none-eabi/lib/armv7e-m/fpu/librdimon_nano.a(rdimon-syscalls.o)
_close                                            /usr/lib/gcc/arm-none-eabi/7.3.0/../../../../arm-none-eabi/lib/armv7e-m/fpu/librdimon_nano.a(rdimon-syscalls.o)
                                                  /usr/lib/gcc/arm-none-eabi/7.3.0/../../../../arm-none-eabi/lib/armv7e-m/fpu/libc_nano.a(lib_a-closer.o)
_close_r                                          /usr/lib/gcc/arm-none-eabi/7.3.0/../../../../arm-none-eabi/lib/armv7e-m/fpu/libc_nano.a(lib_a-closer.o)
                                                  /usr/lib/gcc/arm-none-eabi/7.3.0/../../../../arm-none-eabi/lib/armv7e-m/fpu/libc_nano.a(lib_a-stdio.o)
_fflush_r                                         /usr/lib/gcc/arm-none-eabi/7.3.0/../../../../arm-none-eabi/lib/armv7e-m/fpu/libc_nano.a(lib_a-fflush.o)
                                                  /usr/lib/gcc/arm-none-eabi/7.3.0/../../../../arm-none-eabi/lib/armv7e-m/fpu/libc_nano.a(lib_a-findfp.o)
_free_r                                           /usr/lib/gcc/arm-none-eabi/7.3.0/../../../../arm-none-eabi/lib/armv7e-m/fpu/libc_nano.a(lib_a-nano-freer.o)
                                                  /usr/lib/gcc/arm-none-eabi/7.3.0/../../../../arm-none-eabi/lib/armv7e-m/fpu/libc_nano.a(lib_a-reent.o)
                                                  /usr/lib/gcc/arm-none-eabi/7.3.0/../../../../arm-none-eabi/lib/armv7e-m/fpu/libc_nano.a(lib_a-fflush.o)
_fstat                                            /usr/lib/gcc/arm-none-eabi/7.3.0/../../../../arm-none-eabi/lib/armv7e-m/fpu/librdimon_nano.a(rdimon-syscalls.o)
_fwalk                                            /usr/lib/gcc/arm-none-eabi/7.3.0/../../../../arm-none-eabi/lib/armv7e-m/fpu/libc_nano.a(lib_a-fwalk.o)
                                                  /usr/lib/gcc/arm-none-eabi/7.3.0/../../../../arm-none-eabi/lib/armv7e-m/fpu/libc_nano.a(lib_a-findfp.o)
_fwalk_reent                                      /usr/lib/gcc/arm-none-eabi/7.3.0/../../../../arm-none-eabi/lib/armv7e-m/fpu/libc_nano.a(lib_a-fwalk.o)
                                                  /usr/lib/gcc/arm-none-eabi/7.3.0/../../../../arm-none-eabi/lib/armv7e-m/fpu/libc_nano.a(lib_a-fflush.o)
                                                  /usr/lib/gcc/arm-none-eabi/7.3.0/../../../../arm-none-eabi/lib/armv7e-m/fpu/libc_nano.a(lib_a-findfp.o)
_get_semihosting_exts                             /usr/lib/gcc/arm-none-eabi/7.3.0/../../../../arm-none-eabi/lib/armv7e-m/fpu/librdimon_nano.a(rdimon-syscalls.o)
_getpid                                           /usr/lib/gcc/arm-none-eabi/7.3.0/../../../../arm-none-eabi/lib/armv7e-m/fpu/librdimon_nano.a(rdimon-syscalls.o)
_gettimeofday                                     /usr/lib/gcc/arm-none-eabi/7.3.0/../../../../arm-none-eabi/lib/armv7e-m/fpu/librdimon_nano.a(rdimon-syscalls.o)
_global_impure_ptr                                /usr/lib/gcc/arm-none-eabi/7.3.0/../../../../arm-none-eabi/lib/armv7e-m/fpu/libc_nano.a(lib_a-impure.o)
                                                  /usr/lib/gcc/arm-none-eabi/7.3.0/../../../../arm-none-eabi/lib/armv7e-m/fpu/libc_nano.a(lib_a-fflush.o)
                                                  /usr/lib/gcc/arm-none-eabi/7.3.0/../../../../arm-none-eabi/lib/armv7e-m/fpu/libc_nano.a(lib_a-findfp.o)
_has_ext_exit_extended                            /usr/lib/gcc/arm-none-eabi/7.3.0/../../../../arm-none-eabi/lib/armv7e-m/fpu/librdimon_nano.a(rdimon-syscalls.o)
_has_ext_stdout_stderr                            /usr/lib/gcc/arm-none-eabi/7.3.0/../../../../arm-none-eabi/lib/armv7e-m/fpu/librdimon_nano.a(rdimon-syscalls.o)
_impure_ptr                                       /usr/lib/gcc/arm-none-eabi/7.3.0/../../../../arm-none-eabi/lib/armv7e-m/fpu/libc_nano.a(lib_a-impure.o)
                                                  /usr/lib/gcc/arm-none-eabi/7.3.0/../../../../arm-none-eabi/lib/armv7e-m/fpu/libc_nano.a(lib_a-reent.o)
                                                  /usr/lib/gcc/arm-none-eabi/7.3.0/../../../../arm-none-eabi/lib/armv7e-m/fpu/libc_nano.a(lib_a-fflush.o)
                                                  /usr/lib/gcc/arm-none-eabi/7.3.0/../../../../arm-none-eabi/lib/armv7e-m/fpu/libc_nano.a(lib_a-findfp.o)
                                                  /usr/lib/gcc/arm-none-eabi/7.3.0/../../../../arm-none-eabi/lib/armv7e-m/fpu/libc_nano.a(lib_a-errno.o)
                                                  /usr/lib/gcc/arm-none-eabi/7.3.0/../../../../arm-none-eabi/lib/armv7e-m/fpu/librdimon_nano.a(rdimon-syscalls.o)
_isatty                                           /usr/lib/gcc/arm-none-eabi/7.3.0/../../../../arm-none-eabi/lib/armv7e-m/fpu/librdimon_nano.a(rdimon-syscalls.o)
_link                                             /usr/lib/gcc/arm-none-eabi/7.3.0/../../../../arm-none-eabi/lib/armv7e-m/fpu/librdimon_nano.a(rdimon-syscalls.o)
_lseek                                            /usr/lib/gcc/arm-none-eabi/7.3.0/../../../../arm-none-eabi/lib/armv7e-m/fpu/librdimon_nano.a(rdimon-syscalls.o)
                                                  /usr/lib/gcc/arm-none-eabi/7.3.0/../../../../arm-none-eabi/lib/armv7e-m/fpu/libc_nano.a(lib_a-lseekr.o)
_lseek_r                                          /usr/lib/gcc/arm-none-eabi/7.3.0/../../../../arm-none-eabi/lib/armv7e-m/fpu/libc_nano.a(lib_a-lseekr.o)
                                                  /usr/lib/gcc/arm-none-eabi/7.3.0/../../../../arm-none-eabi/lib/armv7e-m/fpu/libc_nano.a(lib_a-stdio.o)
_malloc_r                                         /usr/lib/gcc/arm-none-eabi/7.3.0/../../../../arm-none-eabi/lib/armv7e-m/fpu/libc_nano.a(lib_a-nano-mallocr.o)
                                                  /usr/lib/gcc/arm-none-eabi/7.3.0/../../../../arm-none-eabi/lib/armv7e-m/fpu/libc_nano.a(lib_a-findfp.o)
_open                                             /usr/lib/gcc/arm-none-eabi/7.3.0/../../../../arm-none-eabi/lib/armv7e-m/fpu/librdimon_nano.a(rdimon-syscalls.o)
_read                                             /usr/lib/gcc/arm-none-eabi/7.3.0/../../../../arm-none-eabi/lib/armv7e-m/fpu/librdimon_nano.a(rdimon-syscalls.o)
                                                  /usr/lib/gcc/arm-none-eabi/7.3.0/../../../../arm-none-eabi/lib/armv7e-m/fpu/libc_nano.a(lib_a-readr.o)
_read_r                                           /usr/lib/gcc/arm-none-eabi/7.3.0/../../../../arm-none-eabi/lib/armv7e-m/fpu/libc_nano.a(lib_a-readr.o)
                                                  /usr/lib/gcc/arm-none-eabi/7.3.0/../../../../arm-none-eabi/lib/armv7e-m/fpu/libc_nano.a(lib_a-stdio.o)
_reclaim_reent                                    /usr/lib/gcc/arm-none-eabi/7.3.0/../../../../arm-none-eabi/lib/armv7e-m/fpu/libc_nano.a(lib_a-reent.o)
_rename                                           /usr/lib/gcc/arm-none-eabi/7.3.0/../../../../arm-none-eabi/lib/armv7e-m/fpu/librdimon_nano.a(rdimon-syscalls.o)
_sbrk                                             /usr/lib/gcc/arm-none-eabi/7.3.0/../../../../arm-none-eabi/lib/armv7e-m/fpu/librdimon_nano.a(rdimon-syscalls.o)
                                                  /usr/lib/gcc/arm-none-eabi/7.3.0/../../../../arm-none-eabi/lib/armv7e-m/fpu/libc_nano.a(lib_a-sbrkr.o)
_sbrk_r                                           /usr/lib/gcc/arm-none-eabi/7.3.0/../../../../arm-none-eabi/lib/armv7e-m/fpu/libc_nano.a(lib_a-sbrkr.o)
                                                  /usr/lib/gcc/arm-none-eabi/7.3.0/../../../../arm-none-eabi/lib/armv7e-m/fpu/libc_nano.a(lib_a-nano-mallocr.o)
_stat                                             /usr/lib/gcc/arm-none-eabi/7.3.0/../../../../arm-none-eabi/lib/armv7e-m/fpu/librdimon_nano.a(rdimon-syscalls.o)
_swiclose                                         /usr/lib/gcc/arm-none-eabi/7.3.0/../../../../arm-none-eabi/lib/armv7e-m/fpu/librdimon_nano.a(rdimon-syscalls.o)
_swilseek                                         /usr/lib/gcc/arm-none-eabi/7.3.0/../../../../arm-none-eabi/lib/armv7e-m/fpu/librdimon_nano.a(rdimon-syscalls.o)
_swiopen                                          /usr/lib/gcc/arm-none-eabi/7.3.0/../../../../arm-none-eabi/lib/armv7e-m/fpu/librdimon_nano.a(rdimon-syscalls.o)
_swiread                                          /usr/lib/gcc/arm-none-eabi/7.3.0/../../../../arm-none-eabi/lib/armv7e-m/fpu/librdimon_nano.a(rdimon-syscalls.o)
_swistat                                          /usr/lib/gcc/arm-none-eabi/7.3.0/../../../../arm-none-eabi/lib/armv7e-m/fpu/librdimon_nano.a(rdimon-syscalls.o)
_swiwrite                                         /usr/lib/gcc/arm-none-eabi/7.3.0/../../../../arm-none-eabi/lib/armv7e-m/fpu/librdimon_nano.a(rdimon-syscalls.o)
_system                                           /usr/lib/gcc/arm-none-eabi/7.3.0/../../../../arm-none-eabi/lib/armv7e-m/fpu/librdimon_nano.a(rdimon-syscalls.o)
_times                                            /usr/lib/gcc/arm-none-eabi/7.3.0/../../../../arm-none-eabi/lib/armv7e-m/fpu/librdimon_nano.a(rdimon-syscalls.o)
_unlink                                           /usr/lib/gcc/arm-none-eabi/7.3.0/../../../../arm-none-eabi/lib/armv7e-m/fpu/librdimon_nano.a(rdimon-syscalls.o)
_write                                            /usr/lib/gcc/arm-none-eabi/7.3.0/../../../../arm-none-eabi/lib/armv7e-m/fpu/librdimon_nano.a(rdimon-syscalls.o)
                                                  /usr/lib/gcc/arm-none-eabi/7.3.0/../../../../arm-none-eabi/lib/armv7e-m/fpu/libc_nano.a(lib_a-writer.o)
_write_r                                          /usr/lib/gcc/arm-none-eabi/7.3.0/../../../../arm-none-eabi/lib/armv7e-m/fpu/libc_nano.a(lib_a-writer.o)
                                                  /usr/lib/gcc/arm-none-eabi/7.3.0/../../../../arm-none-eabi/lib/armv7e-m/fpu/libc_nano.a(lib_a-stdio.o)
cleanup_glue                                      /usr/lib/gcc/arm-none-eabi/7.3.0/../../../../arm-none-eabi/lib/armv7e-m/fpu/libc_nano.a(lib_a-reent.o)
end                                               /usr/lib/gcc/arm-none-eabi/7.3.0/../../../../arm-none-eabi/lib/armv7e-m/fpu/librdimon_nano.a(rdimon-syscalls.o)
errno                                             /usr/lib/gcc/arm-none-eabi/7.3.0/../../../../arm-none-eabi/lib/armv7e-m/fpu/libc_nano.a(lib_a-reent.o)
                                                  /usr/lib/gcc/arm-none-eabi/7.3.0/../../../../arm-none-eabi/lib/armv7e-m/fpu/libc_nano.a(lib_a-readr.o)
                                                  /usr/lib/gcc/arm-none-eabi/7.3.0/../../../../arm-none-eabi/lib/armv7e-m/fpu/libc_nano.a(lib_a-lseekr.o)
                                                  /usr/lib/gcc/arm-none-eabi/7.3.0/../../../../arm-none-eabi/lib/armv7e-m/fpu/libc_nano.a(lib_a-closer.o)
                                                  /usr/lib/gcc/arm-none-eabi/7.3.0/../../../../arm-none-eabi/lib/armv7e-m/fpu/libc_nano.a(lib_a-writer.o)
                                                  /usr/lib/gcc/arm-none-eabi/7.3.0/../../../../arm-none-eabi/lib/armv7e-m/fpu/libc_nano.a(lib_a-sbrkr.o)
fflush                                            /usr/lib/gcc/arm-none-eabi/7.3.0/../../../../arm-none-eabi/lib/armv7e-m/fpu/libc_nano.a(lib_a-fflush.o)
initialise_monitor_handles                        /usr/lib/gcc/arm-none-eabi/7.3.0/../../../../arm-none-eabi/lib/armv7e-m/fpu/librdimon_nano.a(rdimon-syscalls.o)
                                                  hello.o (symbol from plugin)
main                                              hello.o (symbol from plugin)
memset                                            /usr/lib/gcc/arm-none-eabi/7.3.0/../../../../arm-none-eabi/lib/armv7e-m/fpu/libc_nano.a(lib_a-memset.o)
                                                  /usr/lib/gcc/arm-none-eabi/7.3.0/../../../../arm-none-eabi/lib/armv7e-m/fpu/libc_nano.a(lib_a-findfp.o)
                                                  /usr/lib/gcc/arm-none-eabi/7.3.0/../../../../arm-none-eabi/lib/armv7e-m/fpu/librdimon_nano.a(rdimon-syscalls.o)
strlen                                            /usr/lib/gcc/arm-none-eabi/7.3.0/../../../../arm-none-eabi/lib/armv7e-m/fpu/libc_nano.a(lib_a-strlen.o)
                                                  /usr/lib/gcc/arm-none-eabi/7.3.0/../../../../arm-none-eabi/lib/armv7e-m/fpu/librdimon_nano.a(rdimon-syscalls.o)
